// Jest Snapshot v1, https://goo.gl/fbAQLP

exports[`LoginPage Component Test render without crashing 1`] = `
<div
  className="main-page"
>
  <div
    className="login-wrapper"
  >
    <div
      className="login-page"
    >
      <Link
        replace={false}
        to="/"
      >
        <i
          className="fas fa-arrow-left"
        />
      </Link>
      <h1>
        LogIn
      </h1>
      <form
        id="login-form"
        onSubmit={[Function]}
      >
        <label>
          Email address 
        </label>
        <input
          id="email"
          name="email"
          onChange={[Function]}
          required={true}
          type="email"
          value=""
        />
        <br />
        <label>
          Password 
        </label>
        <input
          id="password"
          name="password"
          onChange={[Function]}
          required={true}
          type="password"
          value=""
        />
        <br />
        <button
          className="button"
          disabled={false}
          type="submit"
        >
          Log In
        </button>
        <h4
          id="error-msg"
        />
      </form>
      <div
        className="signup-login-btn"
      >
        <span>
          Don't have an account?
        </span>
        <Link
          replace={false}
          to="/register"
        >
          SignUp
        </Link>
      </div>
    </div>
  </div>
</div>
`;
