// Jest Snapshot v1, https://goo.gl/fbAQLP

exports[`LoginPage Component Test render without crashing 1`] = `
<div>
  <div
    className="main-signup-page"
  >
    <div
      className="sign-up-wrapper"
    >
      <div
        className="sign-up-page"
      >
        <Link
          replace={false}
          to="/"
        >
          <i
            className="fas fa-arrow-left"
          />
        </Link>
        <h1>
          SignUp
        </h1>
        <form
          id="sign-up-form"
          onSubmit={[Function]}
        >
          <label>
            First Name 
          </label>
          <input
            id="first_name"
            minLength="2"
            name="firstName"
            onChange={[Function]}
            pattern="^[A-Za-z]+$"
            required={true}
            type="text"
          />
          <br />
          <label>
            Last Name 
          </label>
          <input
            id="last_name"
            minLength="2"
            name="lastName"
            onChange={[Function]}
            pattern="^[A-Za-z]+$"
            required={true}
            type="text"
          />
          <br />
          <label>
            Phone Number 
          </label>
          <input
            id="phone_number"
            minLength="11"
            name="phoneNumber"
            onChange={[Function]}
            required={true}
            type="text"
          />
          <br />
          <label>
            Email address 
          </label>
          <input
            id="email"
            name="email"
            onChange={[Function]}
            required={true}
            type="email"
            value=""
          />
          <br />
          <label>
            Password 
          </label>
          <input
            id="password"
            minLength="4"
            name="password"
            onChange={[Function]}
            required={true}
            type="password"
            value=""
          />
          <br />
          <button
            className="button"
            disabled={false}
            type="submit"
          >
            Sign Up
          </button>
          <h4
            id="error-msg"
          />
          <div
            className="signup-login-btn"
          >
            <span>
              Already have an account?
            </span>
            <Link
              replace={false}
              to="/login"
            >
              LogIn
            </Link>
          </div>
        </form>
      </div>
    </div>
  </div>
</div>
`;
